
===========================================================================
report_checks -unconstrained
===========================================================================
======================= Typical Corner ===================================

Startpoint: B[0] (input port clocked by __VIRTUAL_CLK__)
Endpoint: out[7] (output port clocked by __VIRTUAL_CLK__)
Path Group: __VIRTUAL_CLK__
Path Type: max

Fanout     Cap    Slew   Delay    Time   Description
-----------------------------------------------------------------------------
                  0.00    0.00    0.00   clock __VIRTUAL_CLK__ (rise edge)
                          0.00    0.00   clock network delay (ideal)
                          2.00    2.00 v input external delay
     9    0.02    0.04    0.03    2.03 v B[0] (in)
                                         B[0] (net)
                  0.04    0.00    2.03 v _146_/A (sky130_fd_sc_hd__or3_2)
     4    0.01    0.11    0.55    2.58 v _146_/X (sky130_fd_sc_hd__or3_2)
                                         _075_ (net)
                  0.11    0.00    2.58 v _147_/A2 (sky130_fd_sc_hd__a21bo_2)
     3    0.01    0.05    0.26    2.84 v _147_/X (sky130_fd_sc_hd__a21bo_2)
                                         _076_ (net)
                  0.05    0.00    2.84 v _150_/B (sky130_fd_sc_hd__and3_2)
     2    0.01    0.05    0.21    3.06 v _150_/X (sky130_fd_sc_hd__and3_2)
                                         _079_ (net)
                  0.05    0.00    3.06 v _165_/B1 (sky130_fd_sc_hd__a31o_2)
     1    0.00    0.04    0.21    3.27 v _165_/X (sky130_fd_sc_hd__a31o_2)
                                         _093_ (net)
                  0.04    0.00    3.27 v _166_/B1 (sky130_fd_sc_hd__a31o_2)
     3    0.01    0.05    0.24    3.51 v _166_/X (sky130_fd_sc_hd__a31o_2)
                                         _094_ (net)
                  0.05    0.00    3.51 v _200_/A2 (sky130_fd_sc_hd__a31o_2)
     2    0.01    0.06    0.27    3.77 v _200_/X (sky130_fd_sc_hd__a31o_2)
                                         _020_ (net)
                  0.06    0.00    3.77 v _208_/B2 (sky130_fd_sc_hd__a22o_2)
     1    0.01    0.05    0.26    4.03 v _208_/X (sky130_fd_sc_hd__a22o_2)
                                         _027_ (net)
                  0.05    0.00    4.03 v _214_/A (sky130_fd_sc_hd__xnor2_2)
     1    0.00    0.04    0.13    4.16 v _214_/Y (sky130_fd_sc_hd__xnor2_2)
                                         _033_ (net)
                  0.04    0.00    4.16 v _219_/A2 (sky130_fd_sc_hd__a21o_2)
     1    0.03    0.10    0.30    4.46 v _219_/X (sky130_fd_sc_hd__a21o_2)
                                         out[7] (net)
                  0.10    0.00    4.46 v out[7] (out)
                                  4.46   data arrival time

                  0.00   10.00   10.00   clock __VIRTUAL_CLK__ (rise edge)
                          0.00   10.00   clock network delay (ideal)
                         -0.25    9.75   clock uncertainty
                          0.00    9.75   clock reconvergence pessimism
                         -2.00    7.75   output external delay
                                  7.75   data required time
-----------------------------------------------------------------------------
                                  7.75   data required time
                                 -4.46   data arrival time
-----------------------------------------------------------------------------
                                  3.29   slack (MET)




===========================================================================
report_checks --slack_max -0.01
============================================================================
======================= Typical Corner ===================================

No paths found.


===========================================================================
 report_check_types -max_slew -max_cap -max_fanout -violators
============================================================================
======================= Typical Corner ===================================


max slew violations count Typical: 0
max fanout violations count Typical: 0
max cap violations count Typical: 0

===========================================================================
report_parasitic_annotation -report_unannotated
============================================================================
Found 133 unannotated drivers.
 A[0]
 A[1]
 A[2]
 A[3]
 A[4]
 A[5]
 A[6]
 A[7]
 B[0]
 B[1]
 B[2]
 B[3]
 B[4]
 B[5]
 B[6]
 B[7]
 opcode[0]
 opcode[1]
 opcode[2]
 _106_/Y
 _107_/Y
 _108_/X
 _109_/X
 _110_/Y
 _111_/X
 _112_/Y
 _113_/X
 _114_/X
 _115_/X
 _116_/Y
 _117_/X
 _118_/X
 _119_/X
 _120_/Y
 _121_/Y
 _122_/X
 _123_/X
 _124_/X
 _125_/X
 _126_/X
 _127_/Y
 _128_/Y
 _129_/Y
 _130_/X
 _131_/Y
 _132_/X
 _133_/X
 _134_/X
 _135_/X
 _136_/X
 _137_/Y
 _138_/X
 _139_/Y
 _140_/X
 _141_/Y
 _142_/X
 _143_/Y
 _144_/X
 _145_/X
 _146_/X
 _147_/X
 _148_/Y
 _149_/Y
 _150_/X
 _151_/Y
 _152_/X
 _153_/X
 _154_/Y
 _155_/X
 _156_/Y
 _157_/Y
 _158_/X
 _159_/X
 _160_/X
 _161_/Y
 _162_/Y
 _163_/Y
 _164_/X
 _165_/X
 _166_/X
 _167_/Y
 _168_/X
 _169_/X
 _170_/Y
 _171_/Y
 _172_/X
 _173_/X
 _174_/Y
 _175_/X
 _176_/X
 _177_/X
 _178_/X
 _179_/X
 _180_/X
 _181_/X
 _182_/Y
 _183_/Y
 _184_/X
 _185_/Y
 _186_/X
 _187_/Y
 _188_/X
 _189_/Y
 _190_/Y
 _191_/X
 _192_/X
 _193_/X
 _194_/X
 _195_/X
 _196_/X
 _197_/Y
 _198_/X
 _199_/Y
 _200_/X
 _201_/X
 _202_/Y
 _203_/Y
 _204_/Y
 _205_/X
 _206_/Y
 _207_/X
 _208_/X
 _209_/Y
 _210_/X
 _211_/Y
 _212_/X
 _213_/Y
 _214_/Y
 _215_/Y
 _216_/Y
 _217_/X
 _218_/X
 _219_/X
Found 0 partially unannotated drivers.

===========================================================================
max slew violation count 0
max fanout violation count 0
max cap violation count 0
============================================================================

===========================================================================
check_setup -verbose -unconstrained_endpoints -multiple_clock -no_clock -no_input_delay -loops -generated_clocks
===========================================================================
