
===========================================================================
report_checks -unconstrained
===========================================================================
======================= Fastest Corner ===================================

Startpoint: readReg1[1] (input port clocked by clk)
Endpoint: readData1[1] (output port clocked by clk)
Path Group: clk
Path Type: max
Corner: Fastest

Fanout     Cap    Slew   Delay    Time   Description
-----------------------------------------------------------------------------
                          0.00    0.00   clock clk (rise edge)
                          0.00    0.00   clock network delay (propagated)
                          2.00    2.00 ^ input external delay
     1    0.00    0.01    0.01    2.01 ^ readReg1[1] (in)
                                         readReg1[1] (net)
                  0.01    0.00    2.01 ^ input2/A (sky130_fd_sc_hd__dlymetal6s2s_1)
     6    0.03    0.21    0.18    2.19 ^ input2/X (sky130_fd_sc_hd__dlymetal6s2s_1)
                                         net2 (net)
                  0.21    0.00    2.19 ^ _289_/A (sky130_fd_sc_hd__clkbuf_4)
    10    0.06    0.14    0.21    2.40 ^ _289_/X (sky130_fd_sc_hd__clkbuf_4)
                                         _112_ (net)
                  0.14    0.00    2.40 ^ _290_/A (sky130_fd_sc_hd__clkbuf_4)
    10    0.05    0.12    0.19    2.59 ^ _290_/X (sky130_fd_sc_hd__clkbuf_4)
                                         _113_ (net)
                  0.13    0.01    2.60 ^ _299_/S1 (sky130_fd_sc_hd__mux4_1)
     1    0.00    0.07    0.17    2.77 v _299_/X (sky130_fd_sc_hd__mux4_1)
                                         _121_ (net)
                  0.07    0.00    2.77 v _304_/A2 (sky130_fd_sc_hd__o21a_1)
     1    0.01    0.04    0.15    2.92 v _304_/X (sky130_fd_sc_hd__o21a_1)
                                         net20 (net)
                  0.04    0.00    2.92 v output20/A (sky130_fd_sc_hd__buf_2)
     1    0.03    0.06    0.13    3.05 v output20/X (sky130_fd_sc_hd__buf_2)
                                         readData1[1] (net)
                  0.06    0.00    3.05 v readData1[1] (out)
                                  3.05   data arrival time

                         10.00   10.00   clock clk (rise edge)
                          0.00   10.00   clock network delay (propagated)
                         -0.25    9.75   clock uncertainty
                          0.00    9.75   clock reconvergence pessimism
                         -2.00    7.75   output external delay
                                  7.75   data required time
-----------------------------------------------------------------------------
                                  7.75   data required time
                                 -3.05   data arrival time
-----------------------------------------------------------------------------
                                  4.70   slack (MET)



======================= Slowest Corner ===================================

Startpoint: readReg1[0] (input port clocked by clk)
Endpoint: readData1[1] (output port clocked by clk)
Path Group: clk
Path Type: max
Corner: Slowest

Fanout     Cap    Slew   Delay    Time   Description
-----------------------------------------------------------------------------
                          0.00    0.00   clock clk (rise edge)
                          0.00    0.00   clock network delay (propagated)
                          2.00    2.00 ^ input external delay
     1    0.00    0.03    0.01    2.01 ^ readReg1[0] (in)
                                         readReg1[0] (net)
                  0.03    0.00    2.01 ^ input1/A (sky130_fd_sc_hd__dlymetal6s2s_1)
     5    0.02    0.36    0.36    2.38 ^ input1/X (sky130_fd_sc_hd__dlymetal6s2s_1)
                                         net1 (net)
                  0.36    0.00    2.38 ^ _288_/A (sky130_fd_sc_hd__buf_4)
    10    0.07    0.32    0.54    2.92 ^ _288_/X (sky130_fd_sc_hd__buf_4)
                                         _111_ (net)
                  0.32    0.01    2.93 ^ _299_/S0 (sky130_fd_sc_hd__mux4_1)
     1    0.00    0.18    1.41    4.34 v _299_/X (sky130_fd_sc_hd__mux4_1)
                                         _121_ (net)
                  0.18    0.00    4.34 v _304_/A2 (sky130_fd_sc_hd__o21a_1)
     1    0.01    0.12    0.43    4.77 v _304_/X (sky130_fd_sc_hd__o21a_1)
                                         net20 (net)
                  0.12    0.00    4.77 v output20/A (sky130_fd_sc_hd__buf_2)
     1    0.03    0.17    0.39    5.16 v output20/X (sky130_fd_sc_hd__buf_2)
                                         readData1[1] (net)
                  0.17    0.00    5.16 v readData1[1] (out)
                                  5.16   data arrival time

                         10.00   10.00   clock clk (rise edge)
                          0.00   10.00   clock network delay (propagated)
                         -0.25    9.75   clock uncertainty
                          0.00    9.75   clock reconvergence pessimism
                         -2.00    7.75   output external delay
                                  7.75   data required time
-----------------------------------------------------------------------------
                                  7.75   data required time
                                 -5.16   data arrival time
-----------------------------------------------------------------------------
                                  2.59   slack (MET)



======================= Typical Corner ===================================

Startpoint: readReg1[1] (input port clocked by clk)
Endpoint: readData1[1] (output port clocked by clk)
Path Group: clk
Path Type: max
Corner: Typical

Fanout     Cap    Slew   Delay    Time   Description
-----------------------------------------------------------------------------
                          0.00    0.00   clock clk (rise edge)
                          0.00    0.00   clock network delay (propagated)
                          2.00    2.00 ^ input external delay
     1    0.00    0.02    0.01    2.01 ^ readReg1[1] (in)
                                         readReg1[1] (net)
                  0.02    0.00    2.01 ^ input2/A (sky130_fd_sc_hd__dlymetal6s2s_1)
     6    0.03    0.27    0.25    2.25 ^ input2/X (sky130_fd_sc_hd__dlymetal6s2s_1)
                                         net2 (net)
                  0.27    0.00    2.26 ^ _289_/A (sky130_fd_sc_hd__clkbuf_4)
    10    0.06    0.17    0.32    2.58 ^ _289_/X (sky130_fd_sc_hd__clkbuf_4)
                                         _112_ (net)
                  0.17    0.00    2.58 ^ _290_/A (sky130_fd_sc_hd__clkbuf_4)
    10    0.05    0.16    0.28    2.86 ^ _290_/X (sky130_fd_sc_hd__clkbuf_4)
                                         _113_ (net)
                  0.16    0.01    2.87 ^ _299_/S1 (sky130_fd_sc_hd__mux4_1)
     1    0.00    0.10    0.33    3.20 v _299_/X (sky130_fd_sc_hd__mux4_1)
                                         _121_ (net)
                  0.10    0.00    3.20 v _304_/A2 (sky130_fd_sc_hd__o21a_1)
     1    0.01    0.06    0.22    3.42 v _304_/X (sky130_fd_sc_hd__o21a_1)
                                         net20 (net)
                  0.06    0.00    3.42 v output20/A (sky130_fd_sc_hd__buf_2)
     1    0.03    0.09    0.20    3.62 v output20/X (sky130_fd_sc_hd__buf_2)
                                         readData1[1] (net)
                  0.09    0.00    3.62 v readData1[1] (out)
                                  3.62   data arrival time

                         10.00   10.00   clock clk (rise edge)
                          0.00   10.00   clock network delay (propagated)
                         -0.25    9.75   clock uncertainty
                          0.00    9.75   clock reconvergence pessimism
                         -2.00    7.75   output external delay
                                  7.75   data required time
-----------------------------------------------------------------------------
                                  7.75   data required time
                                 -3.62   data arrival time
-----------------------------------------------------------------------------
                                  4.13   slack (MET)




===========================================================================
report_checks --slack_max -0.01
============================================================================
======================= Fastest Corner ===================================

No paths found.

======================= Slowest Corner ===================================

No paths found.

======================= Typical Corner ===================================

No paths found.


===========================================================================
 report_check_types -max_slew -max_cap -max_fanout -violators
============================================================================
======================= Fastest Corner ===================================


max slew violations count Fastest: 0
max fanout violations count Fastest: 0
max cap violations count Fastest: 0
======================= Slowest Corner ===================================


max slew violations count Slowest: 0
max fanout violations count Slowest: 0
max cap violations count Slowest: 0
======================= Typical Corner ===================================


max slew violations count Typical: 0
max fanout violations count Typical: 0
max cap violations count Typical: 0

===========================================================================
report_parasitic_annotation -report_unannotated
============================================================================
Found 7 unannotated drivers.
 clkload0/X
 clkload1/Y
 clkload2/X
 clkload3/Y
 clkload4/Y
 clkload5/Y
 clkload6/Y
Found 0 partially unannotated drivers.

===========================================================================
max slew violation count 0
max fanout violation count 0
max cap violation count 0
============================================================================

===========================================================================
check_setup -verbose -unconstrained_endpoints -multiple_clock -no_clock -no_input_delay -loops -generated_clocks
===========================================================================
