
===========================================================================
report_checks -unconstrained
===========================================================================
======================= Fastest Corner ===================================

Startpoint: B[0] (input port clocked by __VIRTUAL_CLK__)
Endpoint: out[7] (output port clocked by __VIRTUAL_CLK__)
Path Group: __VIRTUAL_CLK__
Path Type: max
Corner: Fastest

Fanout     Cap    Slew   Delay    Time   Description
-----------------------------------------------------------------------------
                  0.00    0.00    0.00   clock __VIRTUAL_CLK__ (rise edge)
                          0.00    0.00   clock network delay (ideal)
                          2.00    2.00 v input external delay
     1    0.00    0.00    0.00    2.00 v B[0] (in)
                                         B[0] (net)
                  0.00    0.00    2.00 v input9/A (sky130_fd_sc_hd__buf_2)
     9    0.05    0.09    0.13    2.13 v input9/X (sky130_fd_sc_hd__buf_2)
                                         net9 (net)
                  0.09    0.01    2.14 v _146_/A (sky130_fd_sc_hd__or3_4)
     4    0.04    0.09    0.32    2.46 v _146_/X (sky130_fd_sc_hd__or3_4)
                                         _075_ (net)
                  0.09    0.00    2.46 v _147_/A2 (sky130_fd_sc_hd__a21bo_1)
     3    0.03    0.11    0.23    2.70 v _147_/X (sky130_fd_sc_hd__a21bo_1)
                                         _076_ (net)
                  0.11    0.00    2.70 v _149_/A1 (sky130_fd_sc_hd__a21oi_1)
     1    0.02    0.28    0.27    2.96 ^ _149_/Y (sky130_fd_sc_hd__a21oi_1)
                                         _078_ (net)
                  0.28    0.00    2.97 ^ _151_/A (sky130_fd_sc_hd__nor2_1)
     3    0.02    0.12    0.12    3.09 v _151_/Y (sky130_fd_sc_hd__nor2_1)
                                         _080_ (net)
                  0.12    0.00    3.09 v _166_/A3 (sky130_fd_sc_hd__a31o_1)
     3    0.02    0.08    0.23    3.32 v _166_/X (sky130_fd_sc_hd__a31o_1)
                                         _094_ (net)
                  0.08    0.00    3.32 v _200_/A2 (sky130_fd_sc_hd__a31o_1)
     2    0.03    0.10    0.23    3.55 v _200_/X (sky130_fd_sc_hd__a31o_1)
                                         _020_ (net)
                  0.10    0.00    3.55 v _208_/B2 (sky130_fd_sc_hd__a22o_1)
     1    0.02    0.07    0.17    3.72 v _208_/X (sky130_fd_sc_hd__a22o_1)
                                         _027_ (net)
                  0.07    0.00    3.73 v _214_/A (sky130_fd_sc_hd__xnor2_1)
     1    0.01    0.16    0.18    3.91 ^ _214_/Y (sky130_fd_sc_hd__xnor2_1)
                                         _033_ (net)
                  0.16    0.00    3.91 ^ _219_/A2 (sky130_fd_sc_hd__a21o_1)
     2    0.02    0.13    0.16    4.08 ^ _219_/X (sky130_fd_sc_hd__a21o_1)
                                         net27 (net)
                  0.13    0.00    4.08 ^ output27/A (sky130_fd_sc_hd__buf_2)
     1    0.03    0.13    0.17    4.25 ^ output27/X (sky130_fd_sc_hd__buf_2)
                                         out[7] (net)
                  0.13    0.00    4.25 ^ out[7] (out)
                                  4.25   data arrival time

                  0.00   10.00   10.00   clock __VIRTUAL_CLK__ (rise edge)
                          0.00   10.00   clock network delay (ideal)
                         -0.25    9.75   clock uncertainty
                          0.00    9.75   clock reconvergence pessimism
                         -2.00    7.75   output external delay
                                  7.75   data required time
-----------------------------------------------------------------------------
                                  7.75   data required time
                                 -4.25   data arrival time
-----------------------------------------------------------------------------
                                  3.50   slack (MET)



======================= Slowest Corner ===================================

Startpoint: opcode[0] (input port clocked by __VIRTUAL_CLK__)
Endpoint: out[7] (output port clocked by __VIRTUAL_CLK__)
Path Group: __VIRTUAL_CLK__
Path Type: max
Corner: Slowest

Fanout     Cap    Slew   Delay    Time   Description
-----------------------------------------------------------------------------
                  0.00    0.00    0.00   clock __VIRTUAL_CLK__ (rise edge)
                          0.00    0.00   clock network delay (ideal)
                          2.00    2.00 v input external delay
     1    0.00    0.02    0.01    2.01 v opcode[0] (in)
                                         opcode[0] (net)
                  0.02    0.00    2.01 v input17/A (sky130_fd_sc_hd__buf_2)
     8    0.05    0.22    0.38    2.39 v input17/X (sky130_fd_sc_hd__buf_2)
                                         net17 (net)
                  0.22    0.01    2.40 v _120_/A_N (sky130_fd_sc_hd__nand3b_4)
     5    0.04    0.32    0.55    2.94 v _120_/Y (sky130_fd_sc_hd__nand3b_4)
                                         _051_ (net)
                  0.32    0.01    2.95 v _122_/A (sky130_fd_sc_hd__and3_1)
     2    0.03    0.26    0.62    3.57 v _122_/X (sky130_fd_sc_hd__and3_1)
                                         _053_ (net)
                  0.26    0.00    3.57 v _124_/C (sky130_fd_sc_hd__or3_2)
     2    0.03    0.30    1.32    4.89 v _124_/X (sky130_fd_sc_hd__or3_2)
                                         _055_ (net)
                  0.30    0.00    4.89 v _135_/A1 (sky130_fd_sc_hd__a21o_2)
     4    0.04    0.20    0.62    5.51 v _135_/X (sky130_fd_sc_hd__a21o_2)
                                         _065_ (net)
                  0.20    0.00    5.51 v _166_/A1 (sky130_fd_sc_hd__a31o_1)
     3    0.02    0.21    0.54    6.05 v _166_/X (sky130_fd_sc_hd__a31o_1)
                                         _094_ (net)
                  0.21    0.00    6.05 v _200_/A2 (sky130_fd_sc_hd__a31o_1)
     2    0.03    0.26    0.64    6.69 v _200_/X (sky130_fd_sc_hd__a31o_1)
                                         _020_ (net)
                  0.26    0.00    6.69 v _208_/B2 (sky130_fd_sc_hd__a22o_1)
     1    0.02    0.19    0.59    7.28 v _208_/X (sky130_fd_sc_hd__a22o_1)
                                         _027_ (net)
                  0.19    0.00    7.28 v _214_/A (sky130_fd_sc_hd__xnor2_1)
     1    0.01    0.38    0.46    7.74 ^ _214_/Y (sky130_fd_sc_hd__xnor2_1)
                                         _033_ (net)
                  0.38    0.00    7.75 ^ _219_/A2 (sky130_fd_sc_hd__a21o_1)
     2    0.02    0.27    0.51    8.25 ^ _219_/X (sky130_fd_sc_hd__a21o_1)
                                         net27 (net)
                  0.27    0.00    8.25 ^ output27/A (sky130_fd_sc_hd__buf_2)
     1    0.03    0.27    0.46    8.71 ^ output27/X (sky130_fd_sc_hd__buf_2)
                                         out[7] (net)
                  0.27    0.00    8.71 ^ out[7] (out)
                                  8.71   data arrival time

                  0.00   10.00   10.00   clock __VIRTUAL_CLK__ (rise edge)
                          0.00   10.00   clock network delay (ideal)
                         -0.25    9.75   clock uncertainty
                          0.00    9.75   clock reconvergence pessimism
                         -2.00    7.75   output external delay
                                  7.75   data required time
-----------------------------------------------------------------------------
                                  7.75   data required time
                                 -8.71   data arrival time
-----------------------------------------------------------------------------
                                 -0.96   slack (VIOLATED)



======================= Typical Corner ===================================

Startpoint: B[0] (input port clocked by __VIRTUAL_CLK__)
Endpoint: out[7] (output port clocked by __VIRTUAL_CLK__)
Path Group: __VIRTUAL_CLK__
Path Type: max
Corner: Typical

Fanout     Cap    Slew   Delay    Time   Description
-----------------------------------------------------------------------------
                  0.00    0.00    0.00   clock __VIRTUAL_CLK__ (rise edge)
                          0.00    0.00   clock network delay (ideal)
                          2.00    2.00 v input external delay
     1    0.00    0.01    0.00    2.00 v B[0] (in)
                                         B[0] (net)
                  0.01    0.00    2.00 v input9/A (sky130_fd_sc_hd__buf_2)
     9    0.05    0.12    0.20    2.20 v input9/X (sky130_fd_sc_hd__buf_2)
                                         net9 (net)
                  0.12    0.01    2.21 v _146_/A (sky130_fd_sc_hd__or3_4)
     4    0.04    0.12    0.52    2.73 v _146_/X (sky130_fd_sc_hd__or3_4)
                                         _075_ (net)
                  0.12    0.00    2.73 v _181_/A3 (sky130_fd_sc_hd__o31a_2)
     2    0.02    0.10    0.39    3.12 v _181_/X (sky130_fd_sc_hd__o31a_2)
                                         _002_ (net)
                  0.10    0.00    3.13 v _182_/B (sky130_fd_sc_hd__xnor2_2)
     2    0.03    0.36    0.34    3.46 ^ _182_/Y (sky130_fd_sc_hd__xnor2_2)
                                         _003_ (net)
                  0.36    0.00    3.47 ^ _183_/B (sky130_fd_sc_hd__nor2_1)
     2    0.02    0.16    0.21    3.68 v _183_/Y (sky130_fd_sc_hd__nor2_1)
                                         _004_ (net)
                  0.16    0.00    3.68 v _185_/A (sky130_fd_sc_hd__nor2_1)
     2    0.02    0.44    0.42    4.11 ^ _185_/Y (sky130_fd_sc_hd__nor2_1)
                                         _006_ (net)
                  0.44    0.00    4.11 ^ _200_/A3 (sky130_fd_sc_hd__a31o_1)
     2    0.03    0.28    0.39    4.50 ^ _200_/X (sky130_fd_sc_hd__a31o_1)
                                         _020_ (net)
                  0.28    0.00    4.50 ^ _208_/B2 (sky130_fd_sc_hd__a22o_1)
     1    0.02    0.18    0.29    4.79 ^ _208_/X (sky130_fd_sc_hd__a22o_1)
                                         _027_ (net)
                  0.18    0.00    4.80 ^ _214_/A (sky130_fd_sc_hd__xnor2_1)
     1    0.01    0.23    0.19    4.99 ^ _214_/Y (sky130_fd_sc_hd__xnor2_1)
                                         _033_ (net)
                  0.23    0.00    4.99 ^ _219_/A2 (sky130_fd_sc_hd__a21o_1)
     2    0.02    0.17    0.26    5.25 ^ _219_/X (sky130_fd_sc_hd__a21o_1)
                                         net27 (net)
                  0.17    0.00    5.25 ^ output27/A (sky130_fd_sc_hd__buf_2)
     1    0.03    0.17    0.25    5.50 ^ output27/X (sky130_fd_sc_hd__buf_2)
                                         out[7] (net)
                  0.17    0.00    5.51 ^ out[7] (out)
                                  5.51   data arrival time

                  0.00   10.00   10.00   clock __VIRTUAL_CLK__ (rise edge)
                          0.00   10.00   clock network delay (ideal)
                         -0.25    9.75   clock uncertainty
                          0.00    9.75   clock reconvergence pessimism
                         -2.00    7.75   output external delay
                                  7.75   data required time
-----------------------------------------------------------------------------
                                  7.75   data required time
                                 -5.51   data arrival time
-----------------------------------------------------------------------------
                                  2.24   slack (MET)




===========================================================================
report_checks --slack_max -0.01
============================================================================
======================= Fastest Corner ===================================

No paths found.

======================= Slowest Corner ===================================

Startpoint: opcode[0] (input port clocked by __VIRTUAL_CLK__)
Endpoint: out[7] (output port clocked by __VIRTUAL_CLK__)
Path Group: __VIRTUAL_CLK__
Path Type: max
Corner: Slowest

Fanout     Cap    Slew   Delay    Time   Description
-----------------------------------------------------------------------------
                  0.00    0.00    0.00   clock __VIRTUAL_CLK__ (rise edge)
                          0.00    0.00   clock network delay (ideal)
                          2.00    2.00 v input external delay
     1    0.00    0.02    0.01    2.01 v opcode[0] (in)
                                         opcode[0] (net)
                  0.02    0.00    2.01 v input17/A (sky130_fd_sc_hd__buf_2)
     8    0.05    0.22    0.38    2.39 v input17/X (sky130_fd_sc_hd__buf_2)
                                         net17 (net)
                  0.22    0.01    2.40 v _120_/A_N (sky130_fd_sc_hd__nand3b_4)
     5    0.04    0.32    0.55    2.94 v _120_/Y (sky130_fd_sc_hd__nand3b_4)
                                         _051_ (net)
                  0.32    0.01    2.95 v _122_/A (sky130_fd_sc_hd__and3_1)
     2    0.03    0.26    0.62    3.57 v _122_/X (sky130_fd_sc_hd__and3_1)
                                         _053_ (net)
                  0.26    0.00    3.57 v _124_/C (sky130_fd_sc_hd__or3_2)
     2    0.03    0.30    1.32    4.89 v _124_/X (sky130_fd_sc_hd__or3_2)
                                         _055_ (net)
                  0.30    0.00    4.89 v _135_/A1 (sky130_fd_sc_hd__a21o_2)
     4    0.04    0.20    0.62    5.51 v _135_/X (sky130_fd_sc_hd__a21o_2)
                                         _065_ (net)
                  0.20    0.00    5.51 v _166_/A1 (sky130_fd_sc_hd__a31o_1)
     3    0.02    0.21    0.54    6.05 v _166_/X (sky130_fd_sc_hd__a31o_1)
                                         _094_ (net)
                  0.21    0.00    6.05 v _200_/A2 (sky130_fd_sc_hd__a31o_1)
     2    0.03    0.26    0.64    6.69 v _200_/X (sky130_fd_sc_hd__a31o_1)
                                         _020_ (net)
                  0.26    0.00    6.69 v _208_/B2 (sky130_fd_sc_hd__a22o_1)
     1    0.02    0.19    0.59    7.28 v _208_/X (sky130_fd_sc_hd__a22o_1)
                                         _027_ (net)
                  0.19    0.00    7.28 v _214_/A (sky130_fd_sc_hd__xnor2_1)
     1    0.01    0.38    0.46    7.74 ^ _214_/Y (sky130_fd_sc_hd__xnor2_1)
                                         _033_ (net)
                  0.38    0.00    7.75 ^ _219_/A2 (sky130_fd_sc_hd__a21o_1)
     2    0.02    0.27    0.51    8.25 ^ _219_/X (sky130_fd_sc_hd__a21o_1)
                                         net27 (net)
                  0.27    0.00    8.25 ^ output27/A (sky130_fd_sc_hd__buf_2)
     1    0.03    0.27    0.46    8.71 ^ output27/X (sky130_fd_sc_hd__buf_2)
                                         out[7] (net)
                  0.27    0.00    8.71 ^ out[7] (out)
                                  8.71   data arrival time

                  0.00   10.00   10.00   clock __VIRTUAL_CLK__ (rise edge)
                          0.00   10.00   clock network delay (ideal)
                         -0.25    9.75   clock uncertainty
                          0.00    9.75   clock reconvergence pessimism
                         -2.00    7.75   output external delay
                                  7.75   data required time
-----------------------------------------------------------------------------
                                  7.75   data required time
                                 -8.71   data arrival time
-----------------------------------------------------------------------------
                                 -0.96   slack (VIOLATED)



======================= Typical Corner ===================================

No paths found.


===========================================================================
 report_check_types -max_slew -max_cap -max_fanout -violators
============================================================================
======================= Fastest Corner ===================================

max fanout

Pin                                   Limit Fanout  Slack
---------------------------------------------------------
input18/X                                10     11        (VIOLATED)


max slew violations count Fastest: 0
max fanout violations count Fastest: 1
max cap violations count Fastest: 0
======================= Slowest Corner ===================================

max slew

Pin                                    Limit    Slew   Slack
------------------------------------------------------------
_207_/B1_N                              0.75    0.78   -0.03 (VIOLATED)
ANTENNA_1/DIODE                         0.75    0.78   -0.03 (VIOLATED)
_206_/Y                                 0.75    0.78   -0.03 (VIOLATED)

max fanout

Pin                                   Limit Fanout  Slack
---------------------------------------------------------
input18/X                                10     11        (VIOLATED)


max slew violations count Slowest: 3
max fanout violations count Slowest: 1
max cap violations count Slowest: 0
======================= Typical Corner ===================================

max fanout

Pin                                   Limit Fanout  Slack
---------------------------------------------------------
input18/X                                10     11        (VIOLATED)


max slew violations count Typical: 0
max fanout violations count Typical: 1
max cap violations count Typical: 0

===========================================================================
report_parasitic_annotation -report_unannotated
============================================================================
Found 0 unannotated drivers.
Found 0 partially unannotated drivers.

===========================================================================
max slew violation count 3
max fanout violation count 1
max cap violation count 0
============================================================================

===========================================================================
check_setup -verbose -unconstrained_endpoints -multiple_clock -no_clock -no_input_delay -loops -generated_clocks
===========================================================================
