
===========================================================================
 report_power
============================================================================
======================= Fastest Corner ===================================

Group                  Internal  Switching    Leakage      Total
                          Power      Power      Power      Power (Watts)
----------------------------------------------------------------
Sequential             3.61e-04   4.03e-05   9.28e-10   4.01e-04  37.1%
Combinational          2.08e-04   1.29e-04   3.18e-09   3.37e-04  31.2%
Clock                  2.22e-04   1.21e-04   1.32e-09   3.43e-04  31.7%
Macro                  0.00e+00   0.00e+00   0.00e+00   0.00e+00   0.0%
Pad                    0.00e+00   0.00e+00   0.00e+00   0.00e+00   0.0%
----------------------------------------------------------------
Total                  7.92e-04   2.90e-04   5.43e-09   1.08e-03 100.0%
                          73.2%      26.8%       0.0%

======================= Slowest Corner ===================================

Group                  Internal  Switching    Leakage      Total
                          Power      Power      Power      Power (Watts)
----------------------------------------------------------------
Sequential             2.44e-04   2.56e-05   9.31e-07   2.71e-04  36.6%
Combinational          1.47e-04   8.44e-05   2.24e-06   2.33e-04  31.5%
Clock                  1.59e-04   7.74e-05   2.18e-07   2.36e-04  31.9%
Macro                  0.00e+00   0.00e+00   0.00e+00   0.00e+00   0.0%
Pad                    0.00e+00   0.00e+00   0.00e+00   0.00e+00   0.0%
----------------------------------------------------------------
Total                  5.50e-04   1.87e-04   3.39e-06   7.40e-04 100.0%
                          74.2%      25.3%       0.5%

======================= Typical Corner ===================================

Group                  Internal  Switching    Leakage      Total
                          Power      Power      Power      Power (Watts)
----------------------------------------------------------------
Sequential             3.12e-04   3.33e-05   5.37e-10   3.45e-04  37.0%
Combinational          1.84e-04   1.08e-04   1.57e-09   2.92e-04  31.3%
Clock                  1.95e-04   1.01e-04   7.58e-10   2.96e-04  31.7%
Macro                  0.00e+00   0.00e+00   0.00e+00   0.00e+00   0.0%
Pad                    0.00e+00   0.00e+00   0.00e+00   0.00e+00   0.0%
----------------------------------------------------------------
Total                  6.91e-04   2.43e-04   2.87e-09   9.33e-04 100.0%
                          74.0%      26.0%       0.0%

